=== Health Check Fri Feb 27 05:50:35 UTC 2026 ===
✅ Site: HTTP 200
✅ Git: Pushed today
⚠️ Reddit: Only 8 files
✅ Disk: 27%
✅ Memory: 1870MB free
📊 SEO: 55 pages
📊 Commits (24h): 84
=== End Health Check ===
=== Health Check Fri Feb 27 09:52:43 UTC 2026 ===
✅ Site: HTTP 200
✅ Git: Pushed today
✅ Reddit: 1 files
✅ Disk: 27%
✅ Memory: 1837MB free
📊 SEO: 57 pages
📊 Commits (24h): 86
=== End Health Check ===
=== Health Check Fri Feb 27 11:51:39 UTC 2026 ===
✅ Site: HTTP 200
✅ Git: Pushed today
✅ Reddit: 1 files
✅ Disk: 27%
✅ Memory: 1893MB free
📊 SEO: 58 pages
📊 Commits (24h): 86
🔴 Reddit: DEGRADED
📊 SEO growth: +-2 pages
=== End Health Check ===
=== Health Check Fri Feb 27 13:49:58 UTC 2026 ===
✅ Site: HTTP 200
✅ Git: Pushed today
✅ Reddit: 1 files
✅ Disk: 27%
✅ Memory: 1868MB free
📊 SEO: 0 pages
📊 Commits (24h): 88
🔴 Reddit: DEGRADED
📊 SEO growth: +-60 pages
=== End Health Check ===
=== Health Check Fri Feb 27 13:50:33 UTC 2026 ===
✅ Site: HTTP 200
✅ Git: Pushed today
✅ Reddit: 1 files
✅ Disk: 27%
✅ Memory: 1864MB free
📊 SEO: 76 pages (root:0 + app:76)
📊 Commits (24h): 88
🔴 Reddit: DEGRADED
📊 SEO growth: +16 pages
=== End Health Check ===
=== Health Check Fri Feb 27 13:54:49 UTC 2026 ===
❌ Site: HTTP 404
✅ Git: Pushed today
✅ Reddit: 1 files
✅ Disk: 27%
✅ Memory: 1870MB free
📊 SEO: 79 pages (root:2 + app:77)
📊 Commits (24h): 89
🔴 Reddit: DEGRADED
📊 SEO growth: +19 pages
=== End Health Check ===
=== Health Check Fri Feb 27 13:58:20 UTC 2026 ===
✅ Site: HTTP 200
✅ Git: Pushed today
✅ Reddit: 1 files
✅ Disk: 27%
✅ Memory: 1866MB free
📊 SEO: 16 pages (root:2 + app:14)
📊 Commits (24h): 89
🔴 Reddit: DEGRADED
📊 SEO growth: +-44 pages
=== End Health Check ===
=== Health Check Fri Feb 27 15:51:50 UTC 2026 ===
✅ Site: HTTP 200
✅ Git: Pushed today
✅ Reddit: 1 files
✅ Disk: 27%
✅ Memory: 1832MB free
📊 SEO: 14 pages
📊 Commits (24h): 89
🔴 Reddit: DEGRADED
📊 SEO growth: +4 pages
=== End Health Check ===
=== Health Check Fri Feb 27 17:49:07 UTC 2026 ===
✅ Site: HTTP 200
✅ Git: Pushed today
✅ Reddit: 1 files
✅ Disk: 27%
✅ Memory: 1789MB free
📊 SEO: 14 pages
📊 Commits (24h): 90
🔴 Reddit: DEGRADED
📊 SEO growth: +4 pages
=== End Health Check ===
=== Health Check Fri Feb 27 17:52:35 UTC 2026 ===
✅ Site: HTTP 200
✅ Git: Pushed today
✅ Reddit: 1 files
✅ Disk: 27%
✅ Memory: 1798MB free
📊 SEO: 24 pages
📊 Commits (24h): 67
🔴 Reddit: DEGRADED (health only)
📊 SEO growth: +14 pages
=== End Health Check ===
